[2026-01-05 10:39:46] Initializing Vehicle Detection Tracker...
[2026-01-05 10:39:46] ✓ GPU detected: NVIDIA GeForce GTX 1650
[2026-01-05 10:39:46] ✓ CUDA version: 12.1
[2026-01-05 10:39:46] Loading YOLO vehicle detection model...
[2026-01-05 10:39:46] ✓ YOLO model loaded on GPU
[2026-01-05 10:39:46] stream_frame_size: None
[2026-01-05 10:39:46] Initializing OCR reader...
[2026-01-05 10:39:50] ✓ OCR reader initialized
[2026-01-05 10:39:50] Loading license plate detector model...
[2026-01-05 10:39:51] ✓ License plate detector loaded
[2026-01-05 10:39:51] ✓ All initialization complete!
[2026-01-05 10:41:13] Initializing Vehicle Detection Tracker...
[2026-01-05 10:41:14] ✓ GPU detected: NVIDIA GeForce GTX 1650
[2026-01-05 10:41:14] ✓ CUDA version: 12.1
[2026-01-05 10:41:14] Loading YOLO vehicle detection model...
[2026-01-05 10:41:14] ✓ YOLO model loaded on GPU
[2026-01-05 10:41:14] stream_frame_size: None
[2026-01-05 10:41:14] Initializing OCR reader...
[2026-01-05 10:41:18] ✓ OCR reader initialized
[2026-01-05 10:41:18] Loading license plate detector model...
[2026-01-05 10:41:19] ✓ License plate detector loaded
[2026-01-05 10:41:19] ✓ All initialization complete!
